// Jest Snapshot v1, https://goo.gl/fbAQLP

exports[`Login Component renders without crashing 1`] = `
<div>
  <h1>
    Faculty Dashboard
  </h1>
  <p>
    Welcome 
  </p>
</div>
`;
